// Jest Snapshot v1, https://goo.gl/fbAQLP

exports[`app module that it renders without crashing 1`] = `
<div
  className="loader-container"
>
  <div
    className="loader"
  >
    Loading...
  </div>
</div>
`;
